Microchip MPLAB XC8 Compiler V1.34 ()

Linker command line:

--edf=C:\Program Files (x86)\Microchip\xc8\v1.34\dat\en_msgs.txt -cs \
  -h+dist/default/production\Temp_Control_XC8.X.production.sym \
  --cmf=dist/default/production\Temp_Control_XC8.X.production.cmf -z \
  -Q18F2620 -oC:\Users\1007805\AppData\Local\Temp\s8qg.6 \
  -Mdist/default/production/Temp_Control_XC8.X.production.map -E1 -ver=XC8 \
  -ASTACK=097h-0f7fh -pstack=STACK -ACODE=00h-0FFFFh -ACONST=00h-0FFFFh \
  -ASMALLCONST=01000h-010FFhx240 -AMEDIUMCONST=01000h-0FFFFh \
  -ACOMRAM=01h-07Fh -AABS1=00h-0F7Fh -ABIGRAM=01h-0F7Fh \
  -ARAM=080h-0FFh,0100h-01FFhx14,0F00h-0F7Fh -ABANK0=080h-0FFh \
  -ABANK1=0100h-01FFh -ABANK2=0200h-02FFh -ABANK3=0300h-03FFh \
  -ABANK4=0400h-04FFh -ABANK5=0500h-05FFh -ABANK6=0600h-06FFh \
  -ABANK7=0700h-07FFh -ABANK8=0800h-08FFh -ABANK9=0900h-09FFh \
  -ABANK10=0A00h-0AFFh -ABANK11=0B00h-0BFFh -ABANK12=0C00h-0CFFh \
  -ABANK13=0D00h-0DFFh -ABANK14=0E00h-0EFFh -ABANK15=0F00h-0F7Fh \
  -ASFR=0F80h-0FFFh -preset_vec=00h,intcode,intcodelo,powerup,init,end_init \
  -pramtop=01000h -psmallconst=SMALLCONST -pmediumconst=MEDIUMCONST \
  -pconst=CONST -AFARRAM=00h-00h -ACONFIG=0300000h-030000Dh -pconfig=CONFIG \
  -AIDLOC=0200000h-0200007h -pidloc=IDLOC -AEEDATA=0F00000h-0F003FFh \
  -peeprom_data=EEDATA \
  -prdata=COMRAM,nvrram=COMRAM,nvbit=COMRAM,rbss=COMRAM,rbit=COMRAM \
  -pfarbss=FARRAM,fardata=FARRAM,nvFARRAM=FARRAM \
  -pintsave_regs=BIGRAM,bigbss=BIGRAM,bigdata=BIGRAM -pbss=RAM \
  -pidata=CODE,irdata=CODE,ibigdata=CODE,ifardata=CODE -prparam=COMRAM \
  C:\Users\1007805\AppData\Local\Temp\s8qg.obj \
  dist/default/production\Temp_Control_XC8.X.production.obj 

Object code version is 3.11

Machine type is 18F2620

Call graph: (short form)




                Name                               Link     Load   Length Selector   Space Scale
C:\Users\1007805\AppData\Local\Temp\s8qg.obj
                end_init                              0        0        4        0       0
                idloc                            200000   200000        8   200000       0
                config                           300000   300000        E   300000       0
dist/default/production\Temp_Control_XC8.X.production.obj
                smallconst                         1000     1000       E6      800       0
                text47                             39C2     39C2        E      873       0
                text46                             39E0     39E0        4      873       0
                text45                             37F2     37F2       36      873       0
                text44                             3990     3990       12      873       0
                text43                             39D8     39D8        8      873       0
                text42                             377E     377E       3C      873       0
                text41                             373E     373E       40      873       0
                text40                             396A     396A       14      873       0
                text39                             35D4     35D4       54      873       0
                text38                             3910     3910       22      873       0
                text37                             39B2     39B2       10      873       0
                text36                             2FEA     2FEA       C6      873       0
                text35                             3882     3882       26      873       0
                text34                             351A     351A       5E      873       0
                text33                             39A2     39A2       10      873       0
                text32                             3952     3952       18      873       0
                text31                             397E     397E       12      873       0
                text30                             39D0     39D0        8      873       0
                text29                             30B0     30B0       B6      873       0
                text28                             3932     3932       20      873       0
                text27                             3578     3578       5C      873       0
                text26                             3628     3628       4C      873       0
                text25                             3166     3166       AA      873       0
                text24                             3674     3674       46      873       0
                text23                             2D38     2D38       EA      873       0
                text22                             36FE     36FE       40      873       0
                text21                             37BA     37BA       38      873       0
                text20                             3828     3828       32      873       0
                text19                             2F08     2F08       E2      873       0
                text18                             32A6     32A6       96      873       0
                text17                             38A8     38A8       24      873       0
                text16                             2862     2862      1C4      873       0
                text15                             36BA     36BA       44      873       0
                text14                             2E22     2E22       E6      873       0
                text13                             333C     333C       8C      873       0
                text12                             344A     344A       70      873       0
                text11                             34BA     34BA       60      873       0
                text10                             2B36     2B36      10A      873       0
                text9                              2A26     2A26      110      873       0
                text8                              3210     3210       96      873       0
                text7                              33C8     33C8       82      873       0
                text6                              2C40     2C40       F8      873       0
                text5                              385A     385A       28      873       0
                text4                              261E     261E      244      873       0
                text3                              38EE     38EE       22      873       0
                text2                              1ED4     1ED4      3E0      873       0
                text1                              10E6     10E6      DEE      873       0
                text0                              22B4     22B4      36A      873       0
                cstackCOMRAM                          1        1       75        1       1
                bssBANK0                             80       80       17       80       1
                bssCOMRAM                            76       76        A        1       1
                cinit                              38CC     38CC       22      873       0

TOTAL           Name                               Link     Load   Length     Space
        CLASS   STACK          

        CLASS   CODE           
                end_init                              0        0        4         0
                text47                             39C2     39C2        E         0
                text46                             39E0     39E0        4         0
                text45                             37F2     37F2       36         0
                text44                             3990     3990       12         0
                text43                             39D8     39D8        8         0
                text42                             377E     377E       3C         0
                text41                             373E     373E       40         0
                text40                             396A     396A       14         0
                text39                             35D4     35D4       54         0
                text38                             3910     3910       22         0
                text37                             39B2     39B2       10         0
                text36                             2FEA     2FEA       C6         0
                text35                             3882     3882       26         0
                text34                             351A     351A       5E         0
                text33                             39A2     39A2       10         0
                text32                             3952     3952       18         0
                text31                             397E     397E       12         0
                text30                             39D0     39D0        8         0
                text29                             30B0     30B0       B6         0
                text28                             3932     3932       20         0
                text27                             3578     3578       5C         0
                text26                             3628     3628       4C         0
                text25                             3166     3166       AA         0
                text24                             3674     3674       46         0
                text23                             2D38     2D38       EA         0
                text22                             36FE     36FE       40         0
                text21                             37BA     37BA       38         0
                text20                             3828     3828       32         0
                text19                             2F08     2F08       E2         0
                text18                             32A6     32A6       96         0
                text17                             38A8     38A8       24         0
                text16                             2862     2862      1C4         0
                text15                             36BA     36BA       44         0
                text14                             2E22     2E22       E6         0
                text13                             333C     333C       8C         0
                text12                             344A     344A       70         0
                text11                             34BA     34BA       60         0
                text10                             2B36     2B36      10A         0
                text9                              2A26     2A26      110         0
                text8                              3210     3210       96         0
                text7                              33C8     33C8       82         0
                text6                              2C40     2C40       F8         0
                text5                              385A     385A       28         0
                text4                              261E     261E      244         0
                text3                              38EE     38EE       22         0
                text2                              1ED4     1ED4      3E0         0
                text1                              10E6     10E6      DEE         0
                text0                              22B4     22B4      36A         0
                cinit                              38CC     38CC       22         0

        CLASS   CONST          

        CLASS   SMALLCONST     
                smallconst                         1000     1000       E6         0

        CLASS   MEDIUMCONST    

        CLASS   COMRAM         
                cstackCOMRAM                          1        1       75         1
                bssCOMRAM                            76       76        A         1

        CLASS   ABS1           

        CLASS   BIGRAM         

        CLASS   RAM            

        CLASS   BANK0          
                bssBANK0                             80       80       17         1

        CLASS   BANK1          

        CLASS   BANK2          

        CLASS   BANK3          

        CLASS   BANK4          

        CLASS   BANK5          

        CLASS   BANK6          

        CLASS   BANK7          

        CLASS   BANK8          

        CLASS   BANK9          

        CLASS   BANK10         

        CLASS   BANK11         

        CLASS   BANK12         

        CLASS   BANK13         

        CLASS   BANK14         

        CLASS   BANK15         

        CLASS   SFR            

        CLASS   FARRAM         

        CLASS   CONFIG         
                config                           300000   300000        E         0

        CLASS   IDLOC          
                idloc                            200000   200000        8         0

        CLASS   EEDATA         



SEGMENTS        Name                           Load    Length   Top    Selector   Space  Class

                reset_vec                      000000  000004  000004         0       0  CODE    
                cstackCOMRAM                   000001  00007F  000080         1       1  COMRAM  
                bssBANK0                       000080  000017  000097        80       1  BANK0   
                smallconst                     001000  0000E6  0010E6       800       0  SMALLCON
                text1                          0010E6  0028FE  0039E4       873       0  CODE    
                idloc                          200000  000008  200008    200000       0  IDLOC   
                config                         300000  00000E  30000E    300000       0  CONFIG  


UNUSED ADDRESS RANGES

        Name                Unused          Largest block    Delta
        BANK0            000097-0000FF               69
        BANK1            000100-0001FF              100
        BANK10           000A00-000AFF              100
        BANK11           000B00-000BFF              100
        BANK12           000C00-000CFF              100
        BANK13           000D00-000DFF              100
        BANK14           000E00-000EFF              100
        BANK15           000F00-000F7F               80
        BANK2            000200-0002FF              100
        BANK3            000300-0003FF              100
        BANK4            000400-0004FF              100
        BANK5            000500-0005FF              100
        BANK6            000600-0006FF              100
        BANK7            000700-0007FF              100
        BANK8            000800-0008FF              100
        BANK9            000900-0009FF              100
        BIGRAM           000097-000F7F              EE9
        CODE             000004-000FFF              FFC
                         0039E4-00FFFF             C61C
        CONST            000004-000FFF              FFC
                         0039E4-00FFFF             C61C
        EEDATA           F00000-F003FF              400
        MEDIUMCONST      0039E4-00FFFF             C61C
        RAM              000097-000F7F              100
        SFR              000F80-000FFF               80
        SMALLCONST       0039E4-00FFFF              100
        STACK            000097-000F7F              EE9

                                  Symbol Table

?_ReadADC                  cstackCOMRAM 000001
?___awdiv                  cstackCOMRAM 000007
?___awmod                  cstackCOMRAM 000001
?___ftadd                  cstackCOMRAM 000035
?___ftdiv                  cstackCOMRAM 000032
?___ftmul                  cstackCOMRAM 00001C
?___ftneg                  cstackCOMRAM 000019
?___ftpack                 cstackCOMRAM 000001
?___ftsub                  cstackCOMRAM 000041
?___fttol                  cstackCOMRAM 000001
?___lldiv                  cstackCOMRAM 000001
?___llmod                  cstackCOMRAM 000001
?___lltoft                 cstackCOMRAM 000010
?___lwdiv                  cstackCOMRAM 000001
?___lwmod                  cstackCOMRAM 000001
?___lwtoft                 cstackCOMRAM 000009
?___wmul                   cstackCOMRAM 00000F
?__div_to_l_               cstackCOMRAM 000001
?__tdiv_to_l_              cstackCOMRAM 000001
?_fround                   cstackCOMRAM 00002B
?_kbd_getc                 cstackCOMRAM 000001
?_scale                    cstackCOMRAM 00002B
?_sprintf                  cstackCOMRAM 00004A
Delay10KTCYx@unit          cstackCOMRAM 000002
Delay10TCYx@unit           cstackCOMRAM 000001
Delay1KTCYx@unit           cstackCOMRAM 000001
Delay_Seconds@x            cstackCOMRAM 000004
Delay_Seconds@y            cstackCOMRAM 000003
Delay_Seconds@z            cstackCOMRAM 000002
LCD_Move@column            cstackCOMRAM 000006
LCD_Move@ddaddr            cstackCOMRAM 000008
LCD_Move@row               cstackCOMRAM 000007
OpenADC@config             cstackCOMRAM 000005
OpenADC@config2            cstackCOMRAM 000001
OpenADC@portconfig         cstackCOMRAM 000002
OpenXLCD@lcdtype           cstackCOMRAM 000006
SetDDRamAddr@DDaddr        cstackCOMRAM 000005
WriteCmdXLCD@cmd           cstackCOMRAM 000002
WriteDataXLCD@data         cstackCOMRAM 000002
_ADCON0                    (abs)        000FC2
_ADCON0bits                (abs)        000FC2
_ADCON1                    (abs)        000FC1
_ADCON2                    (abs)        000FC0
_ADCResult                 bssBANK0     000080
_ADRESH                    (abs)        000FC4
_ADRESL                    (abs)        000FC3
_ActualTemp                bssCOMRAM    00007A
_BusyADC                   text47       0039C2
_BusyXLCD                  text42       00377E
_ConvertADC                text46       0039E0
_Delay10KTCYx              text32       003952
_Delay10TCYx               text44       003990
_Delay1KTCYx               text31       00397E
_DelayFor18TCY             text43       0039D8
_DelayPORXLCD              text30       0039D0
_Delay_Seconds             text45       0037F2
_INTCONbits                (abs)        000FF2
_LATB                      (abs)        000F8A
_LATBbits                  (abs)        000F8A
_LATCbits                  (abs)        000F8B
_LCD_Clear                 text40       00396A
_LCD_Move                  text38       003910
_OSCCON                    (abs)        000FD3
_OpenADC                   text34       00351A
_OpenXLCD                  text29       0030B0
_PIE1bits                  (abs)        000F9D
_PIR1bits                  (abs)        000F9E
_PORTAbits                 (abs)        000F80
_PORTB                     (abs)        000F81
_PORTCbits                 (abs)        000F82
_ReadADC                   text37       0039B2
_SetDDRamAddr              text39       0035D4
_Seven_Segment_MAP         smallconst   001084
_TRISAbits                 (abs)        000F92
_TRISB                     (abs)        000F93
_TRISBbits                 (abs)        000F93
_TRISC                     (abs)        000F94
_Temp_Ref                  bssCOMRAM    00007E
_WriteCmdXLCD              text41       00373E
_WriteDataXLCD             text22       0036FE
__CFG_BOREN$OFF            (abs)        000000
__CFG_BORV$3               (abs)        000000
__CFG_CCP2MX$PORTC         (abs)        000000
__CFG_CP0$OFF              (abs)        000000
__CFG_CP1$OFF              (abs)        000000
__CFG_CP2$OFF              (abs)        000000
__CFG_CP3$OFF              (abs)        000000
__CFG_CPB$OFF              (abs)        000000
__CFG_CPD$OFF              (abs)        000000
__CFG_EBTR0$OFF            (abs)        000000
__CFG_EBTR1$OFF            (abs)        000000
__CFG_EBTR2$OFF            (abs)        000000
__CFG_EBTR3$OFF            (abs)        000000
__CFG_EBTRB$OFF            (abs)        000000
__CFG_FCMEN$OFF            (abs)        000000
__CFG_IESO$OFF             (abs)        000000
__CFG_LPT1OSC$OFF          (abs)        000000
__CFG_LVP$ON               (abs)        000000
__CFG_MCLRE$ON             (abs)        000000
__CFG_OSC$INTIO67          (abs)        000000
__CFG_PBADEN$OFF           (abs)        000000
__CFG_PWRT$OFF             (abs)        000000
__CFG_STVREN$ON            (abs)        000000
__CFG_WDT$OFF              (abs)        000000
__CFG_WDTPS$32768          (abs)        000000
__CFG_WRT0$OFF             (abs)        000000
__CFG_WRT1$OFF             (abs)        000000
__CFG_WRT2$OFF             (abs)        000000
__CFG_WRT3$OFF             (abs)        000000
__CFG_WRTB$OFF             (abs)        000000
__CFG_WRTC$OFF             (abs)        000000
__CFG_WRTD$OFF             (abs)        000000
__CFG_XINST$OFF            (abs)        000000
__HRAM                     (abs)        000000
__Habs1                    abs1         000000
__Hbank0                   bank0        000000
__Hbank1                   bank1        000000
__Hbank10                  bank10       000000
__Hbank11                  bank11       000000
__Hbank12                  bank12       000000
__Hbank13                  bank13       000000
__Hbank14                  bank14       000000
__Hbank15                  bank15       000000
__Hbank2                   bank2        000000
__Hbank3                   bank3        000000
__Hbank4                   bank4        000000
__Hbank5                   bank5        000000
__Hbank6                   bank6        000000
__Hbank7                   bank7        000000
__Hbank8                   bank8        000000
__Hbank9                   bank9        000000
__Hbigbss                  bigbss       000000
__Hbigdata                 bigdata      000000
__Hbigram                  bigram       000000
__Hbss                     bss          000000
__HbssBANK0                bssBANK0     000000
__HbssCOMRAM               bssCOMRAM    000000
__Hcinit                   cinit        000000
__Hclrtext                 clrtext      000000
__Hcomram                  comram       000000
__Hconfig                  config       30000E
__Hconst                   const        000000
__HcstackCOMRAM            cstackCOMRAM 000000
__Hdata                    data         000000
__Heeprom_data             eeprom_data  000000
__Hend_init                end_init     000004
__Hfarbss                  farbss       000000
__Hfardata                 fardata      000000
__Hibigdata                ibigdata     000000
__Hidata                   idata        000000
__Hidloc                   idloc        200008
__Hifardata                ifardata     000000
__Hinit                    init         000000
__Hintcode                 intcode      000000
__Hintcode_body            intcode_body 000000
__Hintcodelo               intcodelo    000000
__Hintentry                intentry     000000
__Hintret                  intret       000000
__Hintsave_regs            intsave_regs 000000
__Hirdata                  irdata       000000
__Hmediumconst             mediumconst  000000
__HnvFARRAM                nvFARRAM     000000
__Hnvbit                   nvbit        000000
__Hnvrram                  nvrram       000000
__Hparam                   rparam       000000
__Hpowerup                 powerup      000000
__Hram                     ram          000000
__Hramtop                  ramtop       001000
__Hrbit                    rbit         000000
__Hrbss                    rbss         000000
__Hrdata                   rdata        000000
__Hreset_vec               reset_vec    000000
__Hrparam                  rparam       000000
__Hsfr                     sfr          000000
__Hsmallconst              smallconst   0010E6
__Hspace_0                 (abs)        30000E
__Hspace_1                 (abs)        000097
__Hspace_2                 (abs)        000000
__Hstack                   stack        000000
__Hstruct                  struct       000000
__Htemp                    temp         000000
__Htext                    text         000000
__Htext0                   text0        000000
__Htext1                   text1        000000
__Htext10                  text10       000000
__Htext11                  text11       000000
__Htext12                  text12       000000
__Htext13                  text13       000000
__Htext14                  text14       000000
__Htext15                  text15       000000
__Htext16                  text16       000000
__Htext17                  text17       000000
__Htext18                  text18       000000
__Htext19                  text19       000000
__Htext2                   text2        000000
__Htext20                  text20       000000
__Htext21                  text21       000000
__Htext22                  text22       000000
__Htext23                  text23       000000
__Htext24                  text24       000000
__Htext25                  text25       000000
__Htext26                  text26       000000
__Htext27                  text27       000000
__Htext28                  text28       000000
__Htext29                  text29       000000
__Htext3                   text3        000000
__Htext30                  text30       000000
__Htext31                  text31       000000
__Htext32                  text32       000000
__Htext33                  text33       000000
__Htext34                  text34       000000
__Htext35                  text35       000000
__Htext36                  text36       000000
__Htext37                  text37       000000
__Htext38                  text38       000000
__Htext39                  text39       000000
__Htext4                   text4        000000
__Htext40                  text40       000000
__Htext41                  text41       000000
__Htext42                  text42       000000
__Htext43                  text43       000000
__Htext44                  text44       000000
__Htext45                  text45       000000
__Htext46                  text46       000000
__Htext47                  text47       000000
__Htext5                   text5        000000
__Htext6                   text6        000000
__Htext7                   text7        000000
__Htext8                   text8        000000
__Htext9                   text9        000000
__LRAM                     (abs)        000001
__Labs1                    abs1         000000
__Lbank0                   bank0        000000
__Lbank1                   bank1        000000
__Lbank10                  bank10       000000
__Lbank11                  bank11       000000
__Lbank12                  bank12       000000
__Lbank13                  bank13       000000
__Lbank14                  bank14       000000
__Lbank15                  bank15       000000
__Lbank2                   bank2        000000
__Lbank3                   bank3        000000
__Lbank4                   bank4        000000
__Lbank5                   bank5        000000
__Lbank6                   bank6        000000
__Lbank7                   bank7        000000
__Lbank8                   bank8        000000
__Lbank9                   bank9        000000
__Lbigbss                  bigbss       000000
__Lbigdata                 bigdata      000000
__Lbigram                  bigram       000000
__Lbss                     bss          000000
__LbssBANK0                bssBANK0     000000
__LbssCOMRAM               bssCOMRAM    000000
__Lcinit                   cinit        000000
__Lclrtext                 clrtext      000000
__Lcomram                  comram       000000
__Lconfig                  config       300000
__Lconst                   const        000000
__LcstackCOMRAM            cstackCOMRAM 000000
__Ldata                    data         000000
__Leeprom_data             eeprom_data  000000
__Lend_init                end_init     000000
__Lfarbss                  farbss       000000
__Lfardata                 fardata      000000
__Libigdata                ibigdata     000000
__Lidata                   idata        000000
__Lidloc                   idloc        200000
__Lifardata                ifardata     000000
__Linit                    init         000000
__Lintcode                 intcode      000000
__Lintcode_body            intcode_body 000000
__Lintcodelo               intcodelo    000000
__Lintentry                intentry     000000
__Lintret                  intret       000000
__Lintsave_regs            intsave_regs 000000
__Lirdata                  irdata       000000
__Lmediumconst             mediumconst  000000
__LnvFARRAM                nvFARRAM     000000
__Lnvbit                   nvbit        000000
__Lnvrram                  nvrram       000000
__Lparam                   rparam       000000
__Lpowerup                 powerup      000000
__Lram                     ram          000000
__Lramtop                  ramtop       001000
__Lrbit                    rbit         000000
__Lrbss                    rbss         000000
__Lrdata                   rdata        000000
__Lreset_vec               reset_vec    000000
__Lrparam                  rparam       000000
__Lsfr                     sfr          000000
__Lsmallconst              smallconst   001000
__Lspace_0                 (abs)        000000
__Lspace_1                 (abs)        000000
__Lspace_2                 (abs)        000000
__Lstack                   stack        000000
__Lstruct                  struct       000000
__Ltemp                    temp         000000
__Ltext                    text         000000
__Ltext0                   text0        000000
__Ltext1                   text1        000000
__Ltext10                  text10       000000
__Ltext11                  text11       000000
__Ltext12                  text12       000000
__Ltext13                  text13       000000
__Ltext14                  text14       000000
__Ltext15                  text15       000000
__Ltext16                  text16       000000
__Ltext17                  text17       000000
__Ltext18                  text18       000000
__Ltext19                  text19       000000
__Ltext2                   text2        000000
__Ltext20                  text20       000000
__Ltext21                  text21       000000
__Ltext22                  text22       000000
__Ltext23                  text23       000000
__Ltext24                  text24       000000
__Ltext25                  text25       000000
__Ltext26                  text26       000000
__Ltext27                  text27       000000
__Ltext28                  text28       000000
__Ltext29                  text29       000000
__Ltext3                   text3        000000
__Ltext30                  text30       000000
__Ltext31                  text31       000000
__Ltext32                  text32       000000
__Ltext33                  text33       000000
__Ltext34                  text34       000000
__Ltext35                  text35       000000
__Ltext36                  text36       000000
__Ltext37                  text37       000000
__Ltext38                  text38       000000
__Ltext39                  text39       000000
__Ltext4                   text4        000000
__Ltext40                  text40       000000
__Ltext41                  text41       000000
__Ltext42                  text42       000000
__Ltext43                  text43       000000
__Ltext44                  text44       000000
__Ltext45                  text45       000000
__Ltext46                  text46       000000
__Ltext47                  text47       000000
__Ltext5                   text5        000000
__Ltext6                   text6        000000
__Ltext7                   text7        000000
__Ltext8                   text8        000000
__Ltext9                   text9        000000
__S0                       (abs)        30000E
__S1                       (abs)        000097
__S2                       (abs)        000000
___awdiv                   text8        003210
___awdiv@counter           cstackCOMRAM 00000B
___awdiv@dividend          cstackCOMRAM 000007
___awdiv@divisor           cstackCOMRAM 000009
___awdiv@quotient          cstackCOMRAM 00000D
___awdiv@sign              cstackCOMRAM 00000C
___awmod                   text7        0033C8
___awmod@counter           cstackCOMRAM 000005
___awmod@dividend          cstackCOMRAM 000001
___awmod@divisor           cstackCOMRAM 000003
___awmod@sign              cstackCOMRAM 000006
___ftadd                   text16       002862
___ftadd@exp1              cstackCOMRAM 000040
___ftadd@exp2              cstackCOMRAM 00003F
___ftadd@f1                cstackCOMRAM 000035
___ftadd@f2                cstackCOMRAM 000038
___ftadd@sign              cstackCOMRAM 00003E
___ftdiv                   text19       002F08
___ftdiv@cntr              cstackCOMRAM 00003B
___ftdiv@exp               cstackCOMRAM 00003F
___ftdiv@f1                cstackCOMRAM 000032
___ftdiv@f2                cstackCOMRAM 000035
___ftdiv@f3                cstackCOMRAM 00003C
___ftdiv@sign              cstackCOMRAM 000040
___ftge                    text18       0032A6
___ftge@ff1                cstackCOMRAM 000041
___ftge@ff2                cstackCOMRAM 000044
___ftmul                   text6        002C40
___ftmul@cntr              cstackCOMRAM 000029
___ftmul@exp               cstackCOMRAM 000025
___ftmul@f1                cstackCOMRAM 00001C
___ftmul@f2                cstackCOMRAM 00001F
___ftmul@f3_as_product     cstackCOMRAM 000026
___ftmul@sign              cstackCOMRAM 00002A
___ftneg                   text17       0038A8
___ftneg@f1                cstackCOMRAM 000019
___ftpack                  text36       002FEA
___ftpack@arg              cstackCOMRAM 000001
___ftpack@exp              cstackCOMRAM 000004
___ftpack@sign             cstackCOMRAM 000005
___ftsub                   text15       0036BA
___ftsub@f1                cstackCOMRAM 000041
___ftsub@f2                cstackCOMRAM 000044
___fttol                   text14       002E22
___fttol@exp1              cstackCOMRAM 00000F
___fttol@f1                cstackCOMRAM 000001
___fttol@lval              cstackCOMRAM 00000B
___fttol@sign1             cstackCOMRAM 00000A
___inthi_sp                stack        000000
___intlo_sp                stack        000000
___lldiv                   text13       00333C
___lldiv@counter           cstackCOMRAM 00000D
___lldiv@dividend          cstackCOMRAM 000001
___lldiv@divisor           cstackCOMRAM 000005
___lldiv@quotient          cstackCOMRAM 000009
___llmod                   text12       00344A
___llmod@counter           cstackCOMRAM 000009
___llmod@dividend          cstackCOMRAM 000001
___llmod@divisor           cstackCOMRAM 000005
___lltoft                  text11       0034BA
___lltoft@c                cstackCOMRAM 000010
___lltoft@exp              cstackCOMRAM 000018
___lwdiv                   text27       003578
___lwdiv@counter           cstackCOMRAM 000007
___lwdiv@dividend          cstackCOMRAM 000001
___lwdiv@divisor           cstackCOMRAM 000003
___lwdiv@quotient          cstackCOMRAM 000005
___lwmod                   text26       003628
___lwmod@counter           cstackCOMRAM 000005
___lwmod@dividend          cstackCOMRAM 000001
___lwmod@divisor           cstackCOMRAM 000003
___lwtoft                  text35       003882
___lwtoft@c                cstackCOMRAM 000009
___param_bank              (abs)        000010
___rparam_used             (abs)        000001
___sp                      stack        000000
___wmul                    text5        00385A
___wmul@multiplicand       cstackCOMRAM 000011
___wmul@multiplier         cstackCOMRAM 00000F
___wmul@product            cstackCOMRAM 000013
__accesstop                (abs)        000080
__activetblptr             (abs)        000002
__div_to_l_                text10       002B36
__div_to_l_@cntr           cstackCOMRAM 00000B
__div_to_l_@exp1           cstackCOMRAM 00000C
__div_to_l_@f1             cstackCOMRAM 000001
__div_to_l_@f2             cstackCOMRAM 000004
__div_to_l_@quot           cstackCOMRAM 000007
__end_of_BusyADC           text47       0039D0
__end_of_BusyXLCD          text42       0037BA
__end_of_ConvertADC        text46       0039E4
__end_of_Delay10KTCYx      text32       00396A
__end_of_Delay10TCYx       text44       0039A2
__end_of_Delay1KTCYx       text31       003990
__end_of_DelayFor18TCY     text43       0039E0
__end_of_DelayPORXLCD      text30       0039D8
__end_of_Delay_Seconds     text45       003828
__end_of_LCD_Clear         text40       00397E
__end_of_LCD_Move          text38       003932
__end_of_OpenADC           text34       003578
__end_of_OpenXLCD          text29       003166
__end_of_ReadADC           text37       0039C2
__end_of_SetDDRamAddr      text39       003628
__end_of_Seven_Segment_MAP smallconst   00108E
__end_of_WriteCmdXLCD      text41       00377E
__end_of_WriteDataXLCD     text22       00373E
__end_of___awdiv           text8        0032A6
__end_of___awmod           text7        00344A
__end_of___ftadd           text16       002A26
__end_of___ftdiv           text19       002FEA
__end_of___ftge            text18       00333C
__end_of___ftmul           text6        002D38
__end_of___ftneg           text17       0038CC
__end_of___ftpack          text36       0030B0
__end_of___ftsub           text15       0036FE
__end_of___fttol           text14       002F08
__end_of___lldiv           text13       0033C8
__end_of___llmod           text12       0034BA
__end_of___lltoft          text11       00351A
__end_of___lwdiv           text27       0035D4
__end_of___lwmod           text26       003674
__end_of___lwtoft          text35       0038A8
__end_of___wmul            text5        003882
__end_of__div_to_l_        text10       002C40
__end_of__initialization   cinit        0038E4
__end_of__npowers_         smallconst   001050
__end_of__powers_          smallconst   001077
__end_of__tdiv_to_l_       text9        002B36
__end_of_dpowers           smallconst   001029
__end_of_fround            text4        002862
__end_of_init_ADC          text33       0039B2
__end_of_init_XLCD         text28       003952
__end_of_isdigit           text3        003910
__end_of_itoa              text24       0036BA
__end_of_kbd_getc          text23       002E22
__end_of_keyPadMatrix      smallconst   001084
__end_of_main              text0        00261E
__end_of_putrsXLCD         text21       0037F2
__end_of_putsXLCD          text20       00385A
__end_of_scale             text2        0022B4
__end_of_sprintf           text1        001ED4
__end_of_utoa              text25       003210
__initialization           cinit        0038CC
__mediumconst              mediumconst  000000
__npowers_                 smallconst   001029
__pbssBANK0                bssBANK0     000080
__pbssCOMRAM               bssCOMRAM    000076
__pcinit                   cinit        0038CC
__pcstackCOMRAM            cstackCOMRAM 000001
__powers_                  smallconst   001050
__psmallconst              smallconst   001000
__ptext0                   text0        0022B4
__ptext1                   text1        0010E6
__ptext10                  text10       002B36
__ptext11                  text11       0034BA
__ptext12                  text12       00344A
__ptext13                  text13       00333C
__ptext14                  text14       002E22
__ptext15                  text15       0036BA
__ptext16                  text16       002862
__ptext17                  text17       0038A8
__ptext18                  text18       0032A6
__ptext19                  text19       002F08
__ptext2                   text2        001ED4
__ptext20                  text20       003828
__ptext21                  text21       0037BA
__ptext22                  text22       0036FE
__ptext23                  text23       002D38
__ptext24                  text24       003674
__ptext25                  text25       003166
__ptext26                  text26       003628
__ptext27                  text27       003578
__ptext28                  text28       003932
__ptext29                  text29       0030B0
__ptext3                   text3        0038EE
__ptext30                  text30       0039D0
__ptext31                  text31       00397E
__ptext32                  text32       003952
__ptext33                  text33       0039A2
__ptext34                  text34       00351A
__ptext35                  text35       003882
__ptext36                  text36       002FEA
__ptext37                  text37       0039B2
__ptext38                  text38       003910
__ptext39                  text39       0035D4
__ptext4                   text4        00261E
__ptext40                  text40       00396A
__ptext41                  text41       00373E
__ptext42                  text42       00377E
__ptext43                  text43       0039D8
__ptext44                  text44       003990
__ptext45                  text45       0037F2
__ptext46                  text46       0039E0
__ptext47                  text47       0039C2
__ptext5                   text5        00385A
__ptext6                   text6        002C40
__ptext7                   text7        0033C8
__ptext8                   text8        003210
__ptext9                   text9        002A26
__ramtop                   ramtop       001000
__size_of_BusyADC          (abs)        000000
__size_of_BusyXLCD         (abs)        000000
__size_of_ConvertADC       (abs)        000000
__size_of_Delay10KTCYx     (abs)        000000
__size_of_Delay10TCYx      (abs)        000000
__size_of_Delay1KTCYx      (abs)        000000
__size_of_DelayFor18TCY    (abs)        000000
__size_of_DelayPORXLCD     (abs)        000000
__size_of_Delay_Seconds    (abs)        000000
__size_of_LCD_Clear        (abs)        000000
__size_of_LCD_Move         (abs)        000000
__size_of_OpenADC          (abs)        000000
__size_of_OpenXLCD         (abs)        000000
__size_of_ReadADC          (abs)        000000
__size_of_SetDDRamAddr     (abs)        000000
__size_of_WriteCmdXLCD     (abs)        000000
__size_of_WriteDataXLCD    (abs)        000000
__size_of___awdiv          (abs)        000000
__size_of___awmod          (abs)        000000
__size_of___ftadd          (abs)        000000
__size_of___ftdiv          (abs)        000000
__size_of___ftge           (abs)        000000
__size_of___ftmul          (abs)        000000
__size_of___ftneg          (abs)        000000
__size_of___ftpack         (abs)        000000
__size_of___ftsub          (abs)        000000
__size_of___fttol          (abs)        000000
__size_of___lldiv          (abs)        000000
__size_of___llmod          (abs)        000000
__size_of___lltoft         (abs)        000000
__size_of___lwdiv          (abs)        000000
__size_of___lwmod          (abs)        000000
__size_of___lwtoft         (abs)        000000
__size_of___wmul           (abs)        000000
__size_of__div_to_l_       (abs)        000000
__size_of__tdiv_to_l_      (abs)        000000
__size_of_fround           (abs)        000000
__size_of_init_ADC         (abs)        000000
__size_of_init_XLCD        (abs)        000000
__size_of_isdigit          (abs)        000000
__size_of_itoa             (abs)        000000
__size_of_kbd_getc         (abs)        000000
__size_of_main             (abs)        000000
__size_of_putrsXLCD        (abs)        000000
__size_of_putsXLCD         (abs)        000000
__size_of_scale            (abs)        000000
__size_of_sprintf          (abs)        000000
__size_of_utoa             (abs)        000000
__smallconst               smallconst   001000
__tdiv_to_l_               text9        002A26
__tdiv_to_l_@cntr          cstackCOMRAM 00000E
__tdiv_to_l_@exp1          cstackCOMRAM 00000F
__tdiv_to_l_@f1            cstackCOMRAM 000001
__tdiv_to_l_@f2            cstackCOMRAM 000004
__tdiv_to_l_@quot          cstackCOMRAM 00000A
_dpowers                   smallconst   001001
_fround                    text4        00261E
_fround$1767               cstackCOMRAM 000031
_fround$1768               cstackCOMRAM 00002E
_init_ADC                  text33       0039A2
_init_XLCD                 text28       003932
_isdigit                   text3        0038EE
_isdigit$1512              cstackCOMRAM 000002
_itoa                      text24       003674
_kbd_getc                  text23       002D38
_key                       bssBANK0     000082
_keyPadMatrix              smallconst   001077
_keypress                  bssCOMRAM    000076
_main                      text0        0022B4
_old_key                   bssCOMRAM    00007D
_putrsXLCD                 text21       0037BA
_putsXLCD                  text20       003828
_scale                     text2        001ED4
_scale$1769                cstackCOMRAM 00002E
_sprintf                   text1        0010E6
_sprintf$1770              cstackCOMRAM 000057
_stringKey                 bssBANK0     000083
_stringKeyActual           bssBANK0     00008D
_utoa                      text25       003166
end_of_initialization      cinit        0038E4
fround@prec                cstackCOMRAM 000034
intlevel0                  text         000000
intlevel1                  text         000000
intlevel2                  text         000000
intlevel3                  text         000000
isdigit@c                  cstackCOMRAM 000003
itoa@base                  cstackCOMRAM 000015
itoa@buf                   cstackCOMRAM 000011
itoa@cp                    cstackCOMRAM 000017
itoa@val                   cstackCOMRAM 000013
kbd_getc@key               cstackCOMRAM 000004
kbd_getc@row               cstackCOMRAM 000005
putrsXLCD@buffer           cstackCOMRAM 000003
putsXLCD@buffer            cstackCOMRAM 000003
scale@scl                  cstackCOMRAM 000031
sprintf@ap                 cstackCOMRAM 00005A
sprintf@c                  cstackCOMRAM 000070
sprintf@exp                cstackCOMRAM 000069
sprintf@f                  cstackCOMRAM 00004C
sprintf@flag               cstackCOMRAM 00005F
sprintf@fval               cstackCOMRAM 00006D
sprintf@prec               cstackCOMRAM 00006B
sprintf@sp                 cstackCOMRAM 00004A
sprintf@temp               cstackCOMRAM 00005C
sprintf@tmpval             cstackCOMRAM 000061
sprintf@val                cstackCOMRAM 000065
stackhi                    (abs)        000F7F
stacklo                    (abs)        000097
start                      init         000000
start_initialization       cinit        0038CC
utoa@base                  cstackCOMRAM 00000C
utoa@buf                   cstackCOMRAM 000008
utoa@c                     cstackCOMRAM 000010
utoa@v                     cstackCOMRAM 00000E
utoa@val                   cstackCOMRAM 00000A


FUNCTION INFORMATION:

 *************** function _main *****************
 Defined at:
		line 87 in file "main.c"
 Parameters:    Size  Location     Type
		None
 Auto vars:     Size  Location     Type
		None
 Return value:  Size  Location     Type
		None               void
 Registers used:
		wreg, fsr2l, fsr2h, status,2, status,0, tblptrl, tblptrh, tblptru, prodl, prodh, cstack
 Tracked objects:
		On entry : 
		On exit  : 
		Unchanged: 
 Data sizes:     COMRAM   BANK0   BANK1   BANK2   BANK3   BANK4   BANK5   BANK6   BANK7   BANK8   BANK9  BANK10  BANK11  BANK12  BANK13  BANK14  BANK15
      Params:         0       0       0       0       0       0       0       0       0       0       0       0       0       0       0       0       0
      Locals:         0       0       0       0       0       0       0       0       0       0       0       0       0       0       0       0       0
      Temps:          5       0       0       0       0       0       0       0       0       0       0       0       0       0       0       0       0
      Totals:         5       0       0       0       0       0       0       0       0       0       0       0       0       0       0       0       0
Total ram usage:        5 bytes
 Hardware stack levels required when called:    5
 This function calls:
		_BusyADC
		_ConvertADC
		_Delay_Seconds
		_LCD_Clear
		_LCD_Move
		_ReadADC
		_WriteDataXLCD
		___ftdiv
		___ftge
		___ftmul
		___lwtoft
		___wmul
		_init_ADC
		_init_XLCD
		_itoa
		_kbd_getc
		_putrsXLCD
		_putsXLCD
		_sprintf
 This function is called by:
		Startup code after reset
 This function uses a non-reentrant model


 *************** function _sprintf *****************
 Defined at:
		line 492 in file "C:\Program Files (x86)\Microchip\xc8\v1.34\sources\common\doprnt.c"
 Parameters:    Size  Location     Type
  sp              2   73[COMRAM] PTR unsigned char 
		 -> stringKeyActual(10), 
  f               2   75[COMRAM] PTR const unsigned char 
		 -> STR_8(5), 
 Auto vars:     Size  Location     Type
  temp            3   91[COMRAM] PTR const unsigned char 
  val             4  100[COMRAM] unsigned long 
  tmpval          4   96[COMRAM] struct .
  fval            3  108[COMRAM] struct .
  cp              3    0        PTR const unsigned char 
  prec            2  106[COMRAM] int 
  exp             2  104[COMRAM] int 
  flag            2   94[COMRAM] unsigned short 
  ap              2   89[COMRAM] PTR void [1]
		 -> ?_sprintf(2), 
  len             2    0        unsigned int 
  width           2    0        int 
  c               1  111[COMRAM] char 
  d               1    0        unsigned char 
 Return value:  Size  Location     Type
                  2   73[COMRAM] int 
 Registers used:
		wreg, fsr2l, fsr2h, status,2, status,0, tblptrl, tblptrh, tblptru, prodl, prodh, cstack
 Tracked objects:
		On entry : 
		On exit  : 
		Unchanged: 
 Data sizes:     COMRAM   BANK0   BANK1   BANK2   BANK3   BANK4   BANK5   BANK6   BANK7   BANK8   BANK9  BANK10  BANK11  BANK12  BANK13  BANK14  BANK15
      Params:         7       0       0       0       0       0       0       0       0       0       0       0       0       0       0       0       0
      Locals:        26       0       0       0       0       0       0       0       0       0       0       0       0       0       0       0       0
      Temps:          6       0       0       0       0       0       0       0       0       0       0       0       0       0       0       0       0
      Totals:        39       0       0       0       0       0       0       0       0       0       0       0       0       0       0       0       0
Total ram usage:       39 bytes
 Hardware stack levels used:    1
 Hardware stack levels required when called:    3
 This function calls:
		___awdiv
		___awmod
		___ftadd
		___ftdiv
		___ftge
		___ftmul
		___ftneg
		___ftsub
		___fttol
		___lldiv
		___llmod
		___lltoft
		___wmul
		__div_to_l_
		__tdiv_to_l_
		_fround
		_isdigit
		_scale
 This function is called by:
		_main
 This function uses a non-reentrant model


 *************** function _scale *****************
 Defined at:
		line 425 in file "C:\Program Files (x86)\Microchip\xc8\v1.34\sources\common\doprnt.c"
 Parameters:    Size  Location     Type
  scl             1    wreg     char 
 Auto vars:     Size  Location     Type
  scl             1   48[COMRAM] char 
 Return value:  Size  Location     Type
                  3   42[COMRAM] char 
 Registers used:
		wreg, status,2, status,0, tblptrl, tblptrh, tblptru, prodl, prodh, cstack
 Tracked objects:
		On entry : 
		On exit  : 
		Unchanged: 
 Data sizes:     COMRAM   BANK0   BANK1   BANK2   BANK3   BANK4   BANK5   BANK6   BANK7   BANK8   BANK9  BANK10  BANK11  BANK12  BANK13  BANK14  BANK15
      Params:         3       0       0       0       0       0       0       0       0       0       0       0       0       0       0       0       0
      Locals:         4       0       0       0       0       0       0       0       0       0       0       0       0       0       0       0       0
      Temps:          0       0       0       0       0       0       0       0       0       0       0       0       0       0       0       0       0
      Totals:         7       0       0       0       0       0       0       0       0       0       0       0       0       0       0       0       0
Total ram usage:        7 bytes
 Hardware stack levels used:    1
 Hardware stack levels required when called:    2
 This function calls:
		___awdiv
		___awmod
		___ftmul
		___wmul
 This function is called by:
		_sprintf
 This function uses a non-reentrant model


 *************** function _isdigit *****************
 Defined at:
		line 8 in file "C:\Program Files (x86)\Microchip\xc8\v1.34\sources\common\isdigit.c"
 Parameters:    Size  Location     Type
  c               1    wreg     unsigned char 
 Auto vars:     Size  Location     Type
  c               1    2[COMRAM] unsigned char 
 Return value:  Size  Location     Type
		None               void
 Registers used:
		wreg, status,2, status,0
 Tracked objects:
		On entry : 
		On exit  : 
		Unchanged: 
 Data sizes:     COMRAM   BANK0   BANK1   BANK2   BANK3   BANK4   BANK5   BANK6   BANK7   BANK8   BANK9  BANK10  BANK11  BANK12  BANK13  BANK14  BANK15
      Params:         0       0       0       0       0       0       0       0       0       0       0       0       0       0       0       0       0
      Locals:         2       0       0       0       0       0       0       0       0       0       0       0       0       0       0       0       0
      Temps:          1       0       0       0       0       0       0       0       0       0       0       0       0       0       0       0       0
      Totals:         3       0       0       0       0       0       0       0       0       0       0       0       0       0       0       0       0
Total ram usage:        3 bytes
 Hardware stack levels used:    1
 This function calls:
		Nothing
 This function is called by:
		_sprintf
 This function uses a non-reentrant model


 *************** function _fround *****************
 Defined at:
		line 409 in file "C:\Program Files (x86)\Microchip\xc8\v1.34\sources\common\doprnt.c"
 Parameters:    Size  Location     Type
  prec            1    wreg     unsigned char 
 Auto vars:     Size  Location     Type
  prec            1   51[COMRAM] unsigned char 
 Return value:  Size  Location     Type
                  3   42[COMRAM] unsigned char 
 Registers used:
		wreg, status,2, status,0, tblptrl, tblptrh, tblptru, prodl, prodh, cstack
 Tracked objects:
		On entry : 
		On exit  : 
		Unchanged: 
 Data sizes:     COMRAM   BANK0   BANK1   BANK2   BANK3   BANK4   BANK5   BANK6   BANK7   BANK8   BANK9  BANK10  BANK11  BANK12  BANK13  BANK14  BANK15
      Params:         3       0       0       0       0       0       0       0       0       0       0       0       0       0       0       0       0
      Locals:         7       0       0       0       0       0       0       0       0       0       0       0       0       0       0       0       0
      Temps:          0       0       0       0       0       0       0       0       0       0       0       0       0       0       0       0       0
      Totals:        10       0       0       0       0       0       0       0       0       0       0       0       0       0       0       0       0
Total ram usage:       10 bytes
 Hardware stack levels used:    1
 Hardware stack levels required when called:    2
 This function calls:
		___awdiv
		___awmod
		___ftmul
		___wmul
 This function is called by:
		_sprintf
 This function uses a non-reentrant model


 *************** function ___wmul *****************
 Defined at:
		line 15 in file "C:\Program Files (x86)\Microchip\xc8\v1.34\sources\common\Umul16.c"
 Parameters:    Size  Location     Type
  multiplier      2   14[COMRAM] unsigned int 
  multiplicand    2   16[COMRAM] unsigned int 
 Auto vars:     Size  Location     Type
  product         2   18[COMRAM] unsigned int 
 Return value:  Size  Location     Type
                  2   14[COMRAM] unsigned int 
 Registers used:
		wreg, status,2, status,0, prodl, prodh
 Tracked objects:
		On entry : 
		On exit  : 
		Unchanged: 
 Data sizes:     COMRAM   BANK0   BANK1   BANK2   BANK3   BANK4   BANK5   BANK6   BANK7   BANK8   BANK9  BANK10  BANK11  BANK12  BANK13  BANK14  BANK15
      Params:         4       0       0       0       0       0       0       0       0       0       0       0       0       0       0       0       0
      Locals:         2       0       0       0       0       0       0       0       0       0       0       0       0       0       0       0       0
      Temps:          0       0       0       0       0       0       0       0       0       0       0       0       0       0       0       0       0
      Totals:         6       0       0       0       0       0       0       0       0       0       0       0       0       0       0       0       0
Total ram usage:        6 bytes
 Hardware stack levels used:    1
 This function calls:
		Nothing
 This function is called by:
		_main
		_fround
		_scale
		_sprintf
 This function uses a non-reentrant model


 *************** function ___ftmul *****************
 Defined at:
		line 62 in file "C:\Program Files (x86)\Microchip\xc8\v1.34\sources\common\ftmul.c"
 Parameters:    Size  Location     Type
  f1              3   27[COMRAM] float 
  f2              3   30[COMRAM] float 
 Auto vars:     Size  Location     Type
  f3_as_produc    3   37[COMRAM] unsigned um
  sign            1   41[COMRAM] unsigned char 
  cntr            1   40[COMRAM] unsigned char 
  exp             1   36[COMRAM] unsigned char 
 Return value:  Size  Location     Type
                  3   27[COMRAM] float 
 Registers used:
		wreg, status,2, status,0, cstack
 Tracked objects:
		On entry : 
		On exit  : 
		Unchanged: 
 Data sizes:     COMRAM   BANK0   BANK1   BANK2   BANK3   BANK4   BANK5   BANK6   BANK7   BANK8   BANK9  BANK10  BANK11  BANK12  BANK13  BANK14  BANK15
      Params:         6       0       0       0       0       0       0       0       0       0       0       0       0       0       0       0       0
      Locals:         6       0       0       0       0       0       0       0       0       0       0       0       0       0       0       0       0
      Temps:          3       0       0       0       0       0       0       0       0       0       0       0       0       0       0       0       0
      Totals:        15       0       0       0       0       0       0       0       0       0       0       0       0       0       0       0       0
Total ram usage:       15 bytes
 Hardware stack levels used:    1
 Hardware stack levels required when called:    1
 This function calls:
		___ftpack
 This function is called by:
		_main
		_fround
		_scale
		_sprintf
 This function uses a non-reentrant model


 *************** function ___awmod *****************
 Defined at:
		line 8 in file "C:\Program Files (x86)\Microchip\xc8\v1.34\sources\common\awmod.c"
 Parameters:    Size  Location     Type
  dividend        2    0[COMRAM] int 
  divisor         2    2[COMRAM] int 
 Auto vars:     Size  Location     Type
  sign            1    5[COMRAM] unsigned char 
  counter         1    4[COMRAM] unsigned char 
 Return value:  Size  Location     Type
                  2    0[COMRAM] int 
 Registers used:
		wreg, status,2, status,0
 Tracked objects:
		On entry : 
		On exit  : 
		Unchanged: 
 Data sizes:     COMRAM   BANK0   BANK1   BANK2   BANK3   BANK4   BANK5   BANK6   BANK7   BANK8   BANK9  BANK10  BANK11  BANK12  BANK13  BANK14  BANK15
      Params:         4       0       0       0       0       0       0       0       0       0       0       0       0       0       0       0       0
      Locals:         2       0       0       0       0       0       0       0       0       0       0       0       0       0       0       0       0
      Temps:          0       0       0       0       0       0       0       0       0       0       0       0       0       0       0       0       0
      Totals:         6       0       0       0       0       0       0       0       0       0       0       0       0       0       0       0       0
Total ram usage:        6 bytes
 Hardware stack levels used:    1
 This function calls:
		Nothing
 This function is called by:
		_fround
		_scale
		_sprintf
 This function uses a non-reentrant model


 *************** function ___awdiv *****************
 Defined at:
		line 8 in file "C:\Program Files (x86)\Microchip\xc8\v1.34\sources\common\awdiv.c"
 Parameters:    Size  Location     Type
  dividend        2    6[COMRAM] int 
  divisor         2    8[COMRAM] int 
 Auto vars:     Size  Location     Type
  quotient        2   12[COMRAM] int 
  sign            1   11[COMRAM] unsigned char 
  counter         1   10[COMRAM] unsigned char 
 Return value:  Size  Location     Type
                  2    6[COMRAM] int 
 Registers used:
		wreg, status,2, status,0
 Tracked objects:
		On entry : 
		On exit  : 
		Unchanged: 
 Data sizes:     COMRAM   BANK0   BANK1   BANK2   BANK3   BANK4   BANK5   BANK6   BANK7   BANK8   BANK9  BANK10  BANK11  BANK12  BANK13  BANK14  BANK15
      Params:         4       0       0       0       0       0       0       0       0       0       0       0       0       0       0       0       0
      Locals:         4       0       0       0       0       0       0       0       0       0       0       0       0       0       0       0       0
      Temps:          0       0       0       0       0       0       0       0       0       0       0       0       0       0       0       0       0
      Totals:         8       0       0       0       0       0       0       0       0       0       0       0       0       0       0       0       0
Total ram usage:        8 bytes
 Hardware stack levels used:    1
 This function calls:
		Nothing
 This function is called by:
		_fround
		_scale
		_sprintf
 This function uses a non-reentrant model


 *************** function __tdiv_to_l_ *****************
 Defined at:
		line 60 in file "C:\Program Files (x86)\Microchip\xc8\v1.34\sources\common\ftdivl.c"
 Parameters:    Size  Location     Type
  f1              3    0[COMRAM] float 
  f2              3    3[COMRAM] float 
 Auto vars:     Size  Location     Type
  quot            4    9[COMRAM] unsigned long 
  exp1            1   14[COMRAM] unsigned char 
  cntr            1   13[COMRAM] unsigned char 
 Return value:  Size  Location     Type
                  4    0[COMRAM] unsigned long 
 Registers used:
		wreg, status,2, status,0
 Tracked objects:
		On entry : 
		On exit  : 
		Unchanged: 
 Data sizes:     COMRAM   BANK0   BANK1   BANK2   BANK3   BANK4   BANK5   BANK6   BANK7   BANK8   BANK9  BANK10  BANK11  BANK12  BANK13  BANK14  BANK15
      Params:         6       0       0       0       0       0       0       0       0       0       0       0       0       0       0       0       0
      Locals:         6       0       0       0       0       0       0       0       0       0       0       0       0       0       0       0       0
      Temps:          3       0       0       0       0       0       0       0       0       0       0       0       0       0       0       0       0
      Totals:        15       0       0       0       0       0       0       0       0       0       0       0       0       0       0       0       0
Total ram usage:       15 bytes
 Hardware stack levels used:    1
 This function calls:
		Nothing
 This function is called by:
		_sprintf
 This function uses a non-reentrant model


 *************** function __div_to_l_ *****************
 Defined at:
		line 60 in file "C:\Program Files (x86)\Microchip\xc8\v1.34\sources\common\fldivl.c"
 Parameters:    Size  Location     Type
  f1              3    0[COMRAM] unsigned long 
  f2              3    3[COMRAM] unsigned long 
 Auto vars:     Size  Location     Type
  quot            4    6[COMRAM] unsigned long 
  exp1            1   11[COMRAM] unsigned char 
  cntr            1   10[COMRAM] unsigned char 
 Return value:  Size  Location     Type
                  4    0[COMRAM] unsigned long 
 Registers used:
		wreg, status,2, status,0
 Tracked objects:
		On entry : 
		On exit  : 
		Unchanged: 
 Data sizes:     COMRAM   BANK0   BANK1   BANK2   BANK3   BANK4   BANK5   BANK6   BANK7   BANK8   BANK9  BANK10  BANK11  BANK12  BANK13  BANK14  BANK15
      Params:         6       0       0       0       0       0       0       0       0       0       0       0       0       0       0       0       0
      Locals:         6       0       0       0       0       0       0       0       0       0       0       0       0       0       0       0       0
      Temps:          0       0       0       0       0       0       0       0       0       0       0       0       0       0       0       0       0
      Totals:        12       0       0       0       0       0       0       0       0       0       0       0       0       0       0       0       0
Total ram usage:       12 bytes
 Hardware stack levels used:    1
 This function calls:
		Nothing
 This function is called by:
		_sprintf
 This function uses a non-reentrant model


 *************** function ___lltoft *****************
 Defined at:
		line 35 in file "C:\Program Files (x86)\Microchip\xc8\v1.34\sources\common\lltoft.c"
 Parameters:    Size  Location     Type
  c               4   15[COMRAM] unsigned long 
 Auto vars:     Size  Location     Type
  exp             1   23[COMRAM] unsigned char 
 Return value:  Size  Location     Type
                  3   15[COMRAM] float 
 Registers used:
		wreg, status,2, status,0, cstack
 Tracked objects:
		On entry : 
		On exit  : 
		Unchanged: 
 Data sizes:     COMRAM   BANK0   BANK1   BANK2   BANK3   BANK4   BANK5   BANK6   BANK7   BANK8   BANK9  BANK10  BANK11  BANK12  BANK13  BANK14  BANK15
      Params:         4       0       0       0       0       0       0       0       0       0       0       0       0       0       0       0       0
      Locals:         1       0       0       0       0       0       0       0       0       0       0       0       0       0       0       0       0
      Temps:          4       0       0       0       0       0       0       0       0       0       0       0       0       0       0       0       0
      Totals:         9       0       0       0       0       0       0       0       0       0       0       0       0       0       0       0       0
Total ram usage:        9 bytes
 Hardware stack levels used:    1
 Hardware stack levels required when called:    1
 This function calls:
		___ftpack
 This function is called by:
		_sprintf
 This function uses a non-reentrant model


 *************** function ___llmod *****************
 Defined at:
		line 8 in file "C:\Program Files (x86)\Microchip\xc8\v1.34\sources\common\llmod.c"
 Parameters:    Size  Location     Type
  dividend        4    0[COMRAM] unsigned long 
  divisor         4    4[COMRAM] unsigned long 
 Auto vars:     Size  Location     Type
  counter         1    8[COMRAM] unsigned char 
 Return value:  Size  Location     Type
                  4    0[COMRAM] unsigned long 
 Registers used:
		wreg, status,2, status,0
 Tracked objects:
		On entry : 
		On exit  : 
		Unchanged: 
 Data sizes:     COMRAM   BANK0   BANK1   BANK2   BANK3   BANK4   BANK5   BANK6   BANK7   BANK8   BANK9  BANK10  BANK11  BANK12  BANK13  BANK14  BANK15
      Params:         8       0       0       0       0       0       0       0       0       0       0       0       0       0       0       0       0
      Locals:         1       0       0       0       0       0       0       0       0       0       0       0       0       0       0       0       0
      Temps:          0       0       0       0       0       0       0       0       0       0       0       0       0       0       0       0       0
      Totals:         9       0       0       0       0       0       0       0       0       0       0       0       0       0       0       0       0
Total ram usage:        9 bytes
 Hardware stack levels used:    1
 This function calls:
		Nothing
 This function is called by:
		_sprintf
 This function uses a non-reentrant model


 *************** function ___lldiv *****************
 Defined at:
		line 8 in file "C:\Program Files (x86)\Microchip\xc8\v1.34\sources\common\lldiv.c"
 Parameters:    Size  Location     Type
  dividend        4    0[COMRAM] unsigned long 
  divisor         4    4[COMRAM] unsigned long 
 Auto vars:     Size  Location     Type
  quotient        4    8[COMRAM] unsigned long 
  counter         1   12[COMRAM] unsigned char 
 Return value:  Size  Location     Type
                  4    0[COMRAM] unsigned long 
 Registers used:
		wreg, status,2, status,0
 Tracked objects:
		On entry : 
		On exit  : 
		Unchanged: 
 Data sizes:     COMRAM   BANK0   BANK1   BANK2   BANK3   BANK4   BANK5   BANK6   BANK7   BANK8   BANK9  BANK10  BANK11  BANK12  BANK13  BANK14  BANK15
      Params:         8       0       0       0       0       0       0       0       0       0       0       0       0       0       0       0       0
      Locals:         5       0       0       0       0       0       0       0       0       0       0       0       0       0       0       0       0
      Temps:          0       0       0       0       0       0       0       0       0       0       0       0       0       0       0       0       0
      Totals:        13       0       0       0       0       0       0       0       0       0       0       0       0       0       0       0       0
Total ram usage:       13 bytes
 Hardware stack levels used:    1
 This function calls:
		Nothing
 This function is called by:
		_sprintf
 This function uses a non-reentrant model


 *************** function ___fttol *****************
 Defined at:
		line 44 in file "C:\Program Files (x86)\Microchip\xc8\v1.34\sources\common\fttol.c"
 Parameters:    Size  Location     Type
  f1              3    0[COMRAM] float 
 Auto vars:     Size  Location     Type
  lval            4   10[COMRAM] unsigned long 
  exp1            1   14[COMRAM] unsigned char 
  sign1           1    9[COMRAM] unsigned char 
 Return value:  Size  Location     Type
                  4    0[COMRAM] long 
 Registers used:
		wreg, status,2, status,0
 Tracked objects:
		On entry : 
		On exit  : 
		Unchanged: 
 Data sizes:     COMRAM   BANK0   BANK1   BANK2   BANK3   BANK4   BANK5   BANK6   BANK7   BANK8   BANK9  BANK10  BANK11  BANK12  BANK13  BANK14  BANK15
      Params:         4       0       0       0       0       0       0       0       0       0       0       0       0       0       0       0       0
      Locals:         6       0       0       0       0       0       0       0       0       0       0       0       0       0       0       0       0
      Temps:          5       0       0       0       0       0       0       0       0       0       0       0       0       0       0       0       0
      Totals:        15       0       0       0       0       0       0       0       0       0       0       0       0       0       0       0       0
Total ram usage:       15 bytes
 Hardware stack levels used:    1
 This function calls:
		Nothing
 This function is called by:
		_sprintf
 This function uses a non-reentrant model


 *************** function ___ftsub *****************
 Defined at:
		line 20 in file "C:\Program Files (x86)\Microchip\xc8\v1.34\sources\common\ftsub.c"
 Parameters:    Size  Location     Type
  f1              3   64[COMRAM] float 
  f2              3   67[COMRAM] float 
 Auto vars:     Size  Location     Type
		None
 Return value:  Size  Location     Type
                  3   64[COMRAM] float 
 Registers used:
		wreg, status,2, status,0, cstack
 Tracked objects:
		On entry : 
		On exit  : 
		Unchanged: 
 Data sizes:     COMRAM   BANK0   BANK1   BANK2   BANK3   BANK4   BANK5   BANK6   BANK7   BANK8   BANK9  BANK10  BANK11  BANK12  BANK13  BANK14  BANK15
      Params:         6       0       0       0       0       0       0       0       0       0       0       0       0       0       0       0       0
      Locals:         0       0       0       0       0       0       0       0       0       0       0       0       0       0       0       0       0
      Temps:          0       0       0       0       0       0       0       0       0       0       0       0       0       0       0       0       0
      Totals:         6       0       0       0       0       0       0       0       0       0       0       0       0       0       0       0       0
Total ram usage:        6 bytes
 Hardware stack levels used:    1
 Hardware stack levels required when called:    2
 This function calls:
		___ftadd
 This function is called by:
		_sprintf
 This function uses a non-reentrant model


 *************** function ___ftadd *****************
 Defined at:
		line 86 in file "C:\Program Files (x86)\Microchip\xc8\v1.34\sources\common\ftadd.c"
 Parameters:    Size  Location     Type
  f1              3   52[COMRAM] float 
  f2              3   55[COMRAM] float 
 Auto vars:     Size  Location     Type
  exp1            1   63[COMRAM] unsigned char 
  exp2            1   62[COMRAM] unsigned char 
  sign            1   61[COMRAM] unsigned char 
 Return value:  Size  Location     Type
                  3   52[COMRAM] float 
 Registers used:
		wreg, status,2, status,0, cstack
 Tracked objects:
		On entry : 
		On exit  : 
		Unchanged: 
 Data sizes:     COMRAM   BANK0   BANK1   BANK2   BANK3   BANK4   BANK5   BANK6   BANK7   BANK8   BANK9  BANK10  BANK11  BANK12  BANK13  BANK14  BANK15
      Params:         6       0       0       0       0       0       0       0       0       0       0       0       0       0       0       0       0
      Locals:         3       0       0       0       0       0       0       0       0       0       0       0       0       0       0       0       0
      Temps:          3       0       0       0       0       0       0       0       0       0       0       0       0       0       0       0       0
      Totals:        12       0       0       0       0       0       0       0       0       0       0       0       0       0       0       0       0
Total ram usage:       12 bytes
 Hardware stack levels used:    1
 Hardware stack levels required when called:    1
 This function calls:
		___ftpack
 This function is called by:
		_sprintf
		___ftsub
 This function uses a non-reentrant model


 *************** function ___ftneg *****************
 Defined at:
		line 15 in file "C:\Program Files (x86)\Microchip\xc8\v1.34\sources\common\ftneg.c"
 Parameters:    Size  Location     Type
  f1              3   24[COMRAM] float 
 Auto vars:     Size  Location     Type
		None
 Return value:  Size  Location     Type
                  3   24[COMRAM] float 
 Registers used:
		wreg, status,2, status,0
 Tracked objects:
		On entry : 
		On exit  : 
		Unchanged: 
 Data sizes:     COMRAM   BANK0   BANK1   BANK2   BANK3   BANK4   BANK5   BANK6   BANK7   BANK8   BANK9  BANK10  BANK11  BANK12  BANK13  BANK14  BANK15
      Params:         3       0       0       0       0       0       0       0       0       0       0       0       0       0       0       0       0
      Locals:         0       0       0       0       0       0       0       0       0       0       0       0       0       0       0       0       0
      Temps:          0       0       0       0       0       0       0       0       0       0       0       0       0       0       0       0       0
      Totals:         3       0       0       0       0       0       0       0       0       0       0       0       0       0       0       0       0
Total ram usage:        3 bytes
 Hardware stack levels used:    1
 This function calls:
		Nothing
 This function is called by:
		_sprintf
 This function uses a non-reentrant model


 *************** function ___ftge *****************
 Defined at:
		line 4 in file "C:\Program Files (x86)\Microchip\xc8\v1.34\sources\common\ftge.c"
 Parameters:    Size  Location     Type
  ff1             3   64[COMRAM] float 
  ff2             3   67[COMRAM] float 
 Auto vars:     Size  Location     Type
		None
 Return value:  Size  Location     Type
		None               void
 Registers used:
		wreg, status,2, status,0
 Tracked objects:
		On entry : 
		On exit  : 
		Unchanged: 
 Data sizes:     COMRAM   BANK0   BANK1   BANK2   BANK3   BANK4   BANK5   BANK6   BANK7   BANK8   BANK9  BANK10  BANK11  BANK12  BANK13  BANK14  BANK15
      Params:         6       0       0       0       0       0       0       0       0       0       0       0       0       0       0       0       0
      Locals:         0       0       0       0       0       0       0       0       0       0       0       0       0       0       0       0       0
      Temps:          3       0       0       0       0       0       0       0       0       0       0       0       0       0       0       0       0
      Totals:         9       0       0       0       0       0       0       0       0       0       0       0       0       0       0       0       0
Total ram usage:        9 bytes
 Hardware stack levels used:    1
 This function calls:
		Nothing
 This function is called by:
		_main
		_sprintf
 This function uses a non-reentrant model


 *************** function ___ftdiv *****************
 Defined at:
		line 54 in file "C:\Program Files (x86)\Microchip\xc8\v1.34\sources\common\ftdiv.c"
 Parameters:    Size  Location     Type
  f1              3   49[COMRAM] float 
  f2              3   52[COMRAM] float 
 Auto vars:     Size  Location     Type
  f3              3   59[COMRAM] float 
  sign            1   63[COMRAM] unsigned char 
  exp             1   62[COMRAM] unsigned char 
  cntr            1   58[COMRAM] unsigned char 
 Return value:  Size  Location     Type
                  3   49[COMRAM] float 
 Registers used:
		wreg, status,2, status,0, cstack
 Tracked objects:
		On entry : 
		On exit  : 
		Unchanged: 
 Data sizes:     COMRAM   BANK0   BANK1   BANK2   BANK3   BANK4   BANK5   BANK6   BANK7   BANK8   BANK9  BANK10  BANK11  BANK12  BANK13  BANK14  BANK15
      Params:         6       0       0       0       0       0       0       0       0       0       0       0       0       0       0       0       0
      Locals:         6       0       0       0       0       0       0       0       0       0       0       0       0       0       0       0       0
      Temps:          3       0       0       0       0       0       0       0       0       0       0       0       0       0       0       0       0
      Totals:        15       0       0       0       0       0       0       0       0       0       0       0       0       0       0       0       0
Total ram usage:       15 bytes
 Hardware stack levels used:    1
 Hardware stack levels required when called:    1
 This function calls:
		___ftpack
 This function is called by:
		_main
		_sprintf
 This function uses a non-reentrant model


 *************** function _putsXLCD *****************
 Defined at:
		line 16 in file "C:\Program Files (x86)\Microchip\xc8\v1.34\sources\pic18\plib\XLCD\putsxlcd.c"
 Parameters:    Size  Location     Type
  buffer          2    2[COMRAM] PTR unsigned char 
		 -> stringKeyActual(10), stringKey(10), 
 Auto vars:     Size  Location     Type
		None
 Return value:  Size  Location     Type
		None               void
 Registers used:
		wreg, fsr2l, fsr2h, status,2, status,0, cstack
 Tracked objects:
		On entry : 
		On exit  : 
		Unchanged: 
 Data sizes:     COMRAM   BANK0   BANK1   BANK2   BANK3   BANK4   BANK5   BANK6   BANK7   BANK8   BANK9  BANK10  BANK11  BANK12  BANK13  BANK14  BANK15
      Params:         2       0       0       0       0       0       0       0       0       0       0       0       0       0       0       0       0
      Locals:         0       0       0       0       0       0       0       0       0       0       0       0       0       0       0       0       0
      Temps:          0       0       0       0       0       0       0       0       0       0       0       0       0       0       0       0       0
      Totals:         2       0       0       0       0       0       0       0       0       0       0       0       0       0       0       0       0
Total ram usage:        2 bytes
 Hardware stack levels used:    1
[...]


 *************** function _LCD_Clear *****************
 Defined at:
		line 62 in file "main.c"
 Parameters:    Size  Location     Type
		None
 Auto vars:     Size  Location     Type
		None
 Return value:  Size  Location     Type
		None               void
 Registers used:
		wreg, status,2, status,0, cstack
 Tracked objects:
		On entry : 
		On exit  : 
		Unchanged: 
 Data sizes:     COMRAM   BANK0   BANK1   BANK2   BANK3   BANK4   BANK5   BANK6   BANK7   BANK8   BANK9  BANK10  BANK11  BANK12  BANK13  BANK14  BANK15
      Params:         0       0       0       0       0       0       0       0       0       0       0       0       0       0       0       0       0
      Locals:         0       0       0       0       0       0       0       0       0       0       0       0       0       0       0       0       0
      Temps:          0       0       0       0       0       0       0       0       0       0       0       0       0       0       0       0       0
      Totals:         0       0       0       0       0       0       0       0       0       0       0       0       0       0       0       0       0
Total ram usage:        0 bytes
 Hardware stack levels used:    1
 Hardware stack levels required when called:    3
 This function calls:
		_BusyXLCD
		_WriteCmdXLCD
 This function is called by:
		_main
 This function uses a non-reentrant model


 *************** function _WriteCmdXLCD *****************
 Defined at:
		line 13 in file "C:\Program Files (x86)\Microchip\xc8\v1.34\sources\pic18\plib\XLCD\wcmdxlcd.c"
 Parameters:    Size  Location     Type
  cmd             1    wreg     unsigned char 
 Auto vars:     Size  Location     Type
  cmd             1    1[COMRAM] unsigned char 
 Return value:  Size  Location     Type
		None               void
 Registers used:
		wreg, status,2, status,0, cstack
 Tracked objects:
		On entry : 
		On exit  : 
		Unchanged: 
 Data sizes:     COMRAM   BANK0   BANK1   BANK2   BANK3   BANK4   BANK5   BANK6   BANK7   BANK8   BANK9  BANK10  BANK11  BANK12  BANK13  BANK14  BANK15
      Params:         0       0       0       0       0       0       0       0       0       0       0       0       0       0       0       0       0
      Locals:         1       0       0       0       0       0       0       0       0       0       0       0       0       0       0       0       0
      Temps:          0       0       0       0       0       0       0       0       0       0       0       0       0       0       0       0       0
      Totals:         1       0       0       0       0       0       0       0       0       0       0       0       0       0       0       0       0
Total ram usage:        1 bytes
 Hardware stack levels used:    1
 Hardware stack levels required when called:    2
 This function calls:
		_DelayFor18TCY
 This function is called by:
		_LCD_Clear
		_init_XLCD
		_OpenXLCD
 This function uses a non-reentrant model


 *************** function _BusyXLCD *****************
 Defined at:
		line 11 in file "C:\Program Files (x86)\Microchip\xc8\v1.34\sources\pic18\plib\XLCD\busyxlcd.c"
 Parameters:    Size  Location     Type
		None
 Auto vars:     Size  Location     Type
		None
 Return value:  Size  Location     Type
                  1    wreg      unsigned char 
 Registers used:
		wreg, cstack
 Tracked objects:
		On entry : 
		On exit  : 
		Unchanged: 
 Data sizes:     COMRAM   BANK0   BANK1   BANK2   BANK3   BANK4   BANK5   BANK6   BANK7   BANK8   BANK9  BANK10  BANK11  BANK12  BANK13  BANK14  BANK15
      Params:         0       0       0       0       0       0       0       0       0       0       0       0       0       0       0       0       0
      Locals:         0       0       0       0       0       0       0       0       0       0       0       0       0       0       0       0       0
      Temps:          0       0       0       0       0       0       0       0       0       0       0       0       0       0       0       0       0
      Totals:         0       0       0       0       0       0       0       0       0       0       0       0       0       0       0       0       0
Total ram usage:        0 bytes
 Hardware stack levels used:    1
 Hardware stack levels required when called:    2
 This function calls:
		_DelayFor18TCY
 This function is called by:
		_LCD_Clear
		_LCD_Move
		_init_XLCD
		_OpenXLCD
		_putrsXLCD
		_putsXLCD
 This function uses a non-reentrant model


 *************** function _DelayFor18TCY *****************
 Defined at:
		line 234 in file "main.c"
 Parameters:    Size  Location     Type
		None
 Auto vars:     Size  Location     Type
		None
 Return value:  Size  Location     Type
		None               void
 Registers used:
		wreg, cstack
 Tracked objects:
		On entry : 
		On exit  : 
		Unchanged: 
 Data sizes:     COMRAM   BANK0   BANK1   BANK2   BANK3   BANK4   BANK5   BANK6   BANK7   BANK8   BANK9  BANK10  BANK11  BANK12  BANK13  BANK14  BANK15
      Params:         0       0       0       0       0       0       0       0       0       0       0       0       0       0       0       0       0
      Locals:         0       0       0       0       0       0       0       0       0       0       0       0       0       0       0       0       0
      Temps:          0       0       0       0       0       0       0       0       0       0       0       0       0       0       0       0       0
      Totals:         0       0       0       0       0       0       0       0       0       0       0       0       0       0       0       0       0
Total ram usage:        0 bytes
 Hardware stack levels used:    1
 Hardware stack levels required when called:    1
 This function calls:
		_Delay10TCYx
 This function is called by:
		_BusyXLCD
		_SetDDRamAddr
		_WriteCmdXLCD
		_WriteDataXLCD
 This function uses a non-reentrant model


 *************** function _Delay10TCYx *****************
 Defined at:
		line 8 in file "C:\Program Files (x86)\Microchip\xc8\v1.34\sources\pic18\d10tcyx.c"
 Parameters:    Size  Location     Type
  unit            1    wreg     unsigned char 
 Auto vars:     Size  Location     Type
  unit            1    0[COMRAM] unsigned char 
 Return value:  Size  Location     Type
		None               void
 Registers used:
		wreg
 Tracked objects:
		On entry : 
		On exit  : 
		Unchanged: 
 Data sizes:     COMRAM   BANK0   BANK1   BANK2   BANK3   BANK4   BANK5   BANK6   BANK7   BANK8   BANK9  BANK10  BANK11  BANK12  BANK13  BANK14  BANK15
      Params:         0       0       0       0       0       0       0       0       0       0       0       0       0       0       0       0       0
      Locals:         1       0       0       0       0       0       0       0       0       0       0       0       0       0       0       0       0
      Temps:          0       0       0       0       0       0       0       0       0       0       0       0       0       0       0       0       0
      Totals:         1       0       0       0       0       0       0       0       0       0       0       0       0       0       0       0       0
Total ram usage:        1 bytes
 Hardware stack levels used:    1
 This function calls:
		Nothing
 This function is called by:
		_DelayFor18TCY
 This function uses a non-reentrant model


 *************** function _Delay_Seconds *****************
 Defined at:
		line 52 in file "main.c"
 Parameters:    Size  Location     Type
  z               1    wreg     unsigned char 
 Auto vars:     Size  Location     Type
  z               1    1[COMRAM] unsigned char 
  x               1    3[COMRAM] unsigned char 
  y               1    2[COMRAM] unsigned char 
 Return value:  Size  Location     Type
		None               void
 Registers used:
		wreg, status,2, status,0
 Tracked objects:
		On entry : 
		On exit  : 
		Unchanged: 
 Data sizes:     COMRAM   BANK0   BANK1   BANK2   BANK3   BANK4   BANK5   BANK6   BANK7   BANK8   BANK9  BANK10  BANK11  BANK12  BANK13  BANK14  BANK15
      Params:         0       0       0       0       0       0       0       0       0       0       0       0       0       0       0       0       0
      Locals:         3       0       0       0       0       0       0       0       0       0       0       0       0       0       0       0       0
      Temps:          1       0       0       0       0       0       0       0       0       0       0       0       0       0       0       0       0
      Totals:         4       0       0       0       0       0       0       0       0       0       0       0       0       0       0       0       0
Total ram usage:        4 bytes
 Hardware stack levels used:    1
 This function calls:
		Nothing
 This function is called by:
		_main
 This function uses a non-reentrant model


 *************** function _ConvertADC *****************
 Defined at:
		line 22 in file "C:\Program Files (x86)\Microchip\xc8\v1.34\sources\pic18\plib\ADC\adcconv.c"
 Parameters:    Size  Location     Type
		None
 Auto vars:     Size  Location     Type
		None
 Return value:  Size  Location     Type
		None               void
 Registers used:
		None
 Tracked objects:
		On entry : 
		On exit  : 
		Unchanged: 
 Data sizes:     COMRAM   BANK0   BANK1   BANK2   BANK3   BANK4   BANK5   BANK6   BANK7   BANK8   BANK9  BANK10  BANK11  BANK12  BANK13  BANK14  BANK15
      Params:         0       0       0       0       0       0       0       0       0       0       0       0       0       0       0       0       0
      Locals:         0       0       0       0       0       0       0       0       0       0       0       0       0       0       0       0       0
      Temps:          0       0       0       0       0       0       0       0       0       0       0       0       0       0       0       0       0
      Totals:         0       0       0       0       0       0       0       0       0       0       0       0       0       0       0       0       0
Total ram usage:        0 bytes
 Hardware stack levels used:    1
 This function calls:
		Nothing
 This function is called by:
		_main
 This function uses a non-reentrant model


 *************** function _BusyADC *****************
 Defined at:
		line 26 in file "C:\Program Files (x86)\Microchip\xc8\v1.34\sources\pic18\plib\ADC\adcbusy.c"
 Parameters:    Size  Location     Type
		None
 Auto vars:     Size  Location     Type
		None
 Return value:  Size  Location     Type
                  1    wreg      unsigned char 
 Registers used:
		wreg
 Tracked objects:
		On entry : 
		On exit  : 
		Unchanged: 
 Data sizes:     COMRAM   BANK0   BANK1   BANK2   BANK3   BANK4   BANK5   BANK6   BANK7   BANK8   BANK9  BANK10  BANK11  BANK12  BANK13  BANK14  BANK15
      Params:         0       0       0       0       0       0       0       0       0       0       0       0       0       0       0       0       0
      Locals:         0       0       0       0       0       0       0       0       0       0       0       0       0       0       0       0       0
      Temps:          0       0       0       0       0       0       0       0       0       0       0       0       0       0       0       0       0
      Totals:         0       0       0       0       0       0       0       0       0       0       0       0       0       0       0       0       0
Total ram usage:        0 bytes
 Hardware stack levels used:    1
 This function calls:
		Nothing
 This function is called by:
		_main
 This function uses a non-reentrant model



MODULE INFORMATION

Module		Function		Class		Link	Load	Size
C:\Program Files (x86)\Microchip\xc8\v1.34\sources\common\ftge.c
		___ftge        		CODE           	32A6	0000	151

C:\Program Files (x86)\Microchip\xc8\v1.34\sources\common\ftge.c estimated size: 151

C:\Program Files (x86)\Microchip\xc8\v1.34\sources\common\ftdivl.c
		__tdiv_to_l_   		CODE           	2A26	0000	273

C:\Program Files (x86)\Microchip\xc8\v1.34\sources\common\ftdivl.c estimated size: 273

C:\Program Files (x86)\Microchip\xc8\v1.34\sources\pic18\d10ktcyx.c
		_Delay10KTCYx  		CODE           	3952	0000	25

C:\Program Files (x86)\Microchip\xc8\v1.34\sources\pic18\d10ktcyx.c estimated size: 25

C:\Program Files (x86)\Microchip\xc8\v1.34\sources\pic18\d1ktcyx.c
		_Delay1KTCYx   		CODE           	397E	0000	19

C:\Program Files (x86)\Microchip\xc8\v1.34\sources\pic18\d1ktcyx.c estimated size: 19

C:\Program Files (x86)\Microchip\xc8\v1.34\sources\pic18\plib\ADC\adcbusy.c
		_BusyADC       		CODE           	39C2	0000	15

C:\Program Files (x86)\Microchip\xc8\v1.34\sources\pic18\plib\ADC\adcbusy.c estimated size: 15

C:\Program Files (x86)\Microchip\xc8\v1.34\sources\common\ftneg.c
		___ftneg       		CODE           	38A8	0000	37

C:\Program Files (x86)\Microchip\xc8\v1.34\sources\common\ftneg.c estimated size: 37

C:\Program Files (x86)\Microchip\xc8\v1.34\sources\pic18\plib\ADC\adcopen.c
		_OpenADC       		CODE           	351A	0000	95

C:\Program Files (x86)\Microchip\xc8\v1.34\sources\pic18\plib\ADC\adcopen.c estimated size: 95

C:\Program Files (x86)\Microchip\xc8\v1.34\sources\common\fldivl.c
		__div_to_l_    		CODE           	2B36	0000	267

C:\Program Files (x86)\Microchip\xc8\v1.34\sources\common\fldivl.c estimated size: 267

C:\Program Files (x86)\Microchip\xc8\v1.34\sources\common\ftsub.c
		___ftsub       		CODE           	36BA	0000	69

C:\Program Files (x86)\Microchip\xc8\v1.34\sources\common\ftsub.c estimated size: 69

C:\Program Files (x86)\Microchip\xc8\v1.34\sources\common\float.c
		___ftpack      		CODE           	2FEA	0000	199

C:\Program Files (x86)\Microchip\xc8\v1.34\sources\common\float.c estimated size: 199

C:\Program Files (x86)\Microchip\xc8\v1.34\sources\common\lwmod.c
		___lwmod       		CODE           	3628	0000	77

C:\Program Files (x86)\Microchip\xc8\v1.34\sources\common\lwmod.c estimated size: 77

C:\Program Files (x86)\Microchip\xc8\v1.34\sources\common\awmod.c
		___awmod       		CODE           	33C8	0000	131

C:\Program Files (x86)\Microchip\xc8\v1.34\sources\common\awmod.c estimated size: 131

C:\Program Files (x86)\Microchip\xc8\v1.34\sources\pic18\plib\XLCD\putsxlcd.c
		_putsXLCD      		CODE           	3828	0000	51

C:\Program Files (x86)\Microchip\xc8\v1.34\sources\pic18\plib\XLCD\putsxlcd.c estimated size: 51

C:\Program Files (x86)\Microchip\xc8\v1.34\sources\pic18\plib\XLCD\writdata.c
		_WriteDataXLCD 		CODE           	36FE	0000	65

C:\Program Files (x86)\Microchip\xc8\v1.34\sources\pic18\plib\XLCD\writdata.c estimated size: 65

C:\Program Files (x86)\Microchip\xc8\v1.34\sources\common\llmod.c
		___llmod       		CODE           	344A	0000	113

C:\Program Files (x86)\Microchip\xc8\v1.34\sources\common\llmod.c estimated size: 113

C:\Program Files (x86)\Microchip\xc8\v1.34\sources\pic18\plib\ADC\adcread.c
		_ReadADC       		CODE           	39B2	0000	17

C:\Program Files (x86)\Microchip\xc8\v1.34\sources\pic18\plib\ADC\adcread.c estimated size: 17

C:\Program Files (x86)\Microchip\xc8\v1.34\sources\pic18\plib\XLCD\putrxlcd.c
		_putrsXLCD     		CODE           	37BA	0000	57

C:\Program Files (x86)\Microchip\xc8\v1.34\sources\pic18\plib\XLCD\putrxlcd.c estimated size: 57

C:\Program Files (x86)\Microchip\xc8\v1.34\sources\common\ftmul.c
		___ftmul       		CODE           	2C40	0000	249

C:\Program Files (x86)\Microchip\xc8\v1.34\sources\common\ftmul.c estimated size: 249

C:\Program Files (x86)\Microchip\xc8\v1.34\sources\common\isdigit.c
		_isdigit       		CODE           	38EE	0000	35

C:\Program Files (x86)\Microchip\xc8\v1.34\sources\common\isdigit.c estimated size: 35

C:\Program Files (x86)\Microchip\xc8\v1.34\sources\pic18\plib\XLCD\setddram.c
		_SetDDRamAddr  		CODE           	35D4	0000	85

C:\Program Files (x86)\Microchip\xc8\v1.34\sources\pic18\plib\XLCD\setddram.c estimated size: 85

C:\Program Files (x86)\Microchip\xc8\v1.34\sources\common\lwtoft.c
		___lwtoft      		CODE           	3882	0000	39

C:\Program Files (x86)\Microchip\xc8\v1.34\sources\common\lwtoft.c estimated size: 39

C:\Program Files (x86)\Microchip\xc8\v1.34\sources\common\ftdiv.c
		___ftdiv       		CODE           	2F08	0000	227

C:\Program Files (x86)\Microchip\xc8\v1.34\sources\common\ftdiv.c estimated size: 227

C:\Program Files (x86)\Microchip\xc8\v1.34\sources\common\lltoft.c
		___lltoft      		CODE           	34BA	0000	97

C:\Program Files (x86)\Microchip\xc8\v1.34\sources\common\lltoft.c estimated size: 97

shared
		__powers_      		SMALLCONST     	1050	0000	40
		_dpowers       		SMALLCONST     	1001	0000	41
		_Seven_Segment_		SMALLCONST     	1084	0000	11
		__npowers_     		SMALLCONST     	1029	0000	40
		__initializatio		CODE           	38CC	0000	25
		_keyPadMatrix  		SMALLCONST     	1077	0000	14

shared estimated size: 171

C:\Program Files (x86)\Microchip\xc8\v1.34\sources\common\itoa.c
		_itoa          		CODE           	3674	0000	71
		_utoa          		CODE           	3166	0000	171

C:\Program Files (x86)\Microchip\xc8\v1.34\sources\common\itoa.c estimated size: 242

C:\Program Files (x86)\Microchip\xc8\v1.34\sources\pic18\plib\ADC\adcconv.c
		_ConvertADC    		CODE           	39E0	0000	5

C:\Program Files (x86)\Microchip\xc8\v1.34\sources\pic18\plib\ADC\adcconv.c estimated size: 5

C:\Program Files (x86)\Microchip\xc8\v1.34\sources\common\lwdiv.c
		___lwdiv       		CODE           	3578	0000	93

C:\Program Files (x86)\Microchip\xc8\v1.34\sources\common\lwdiv.c estimated size: 93

C:\Program Files (x86)\Microchip\xc8\v1.34\sources\common\awdiv.c
		___awdiv       		CODE           	3210	0000	151

C:\Program Files (x86)\Microchip\xc8\v1.34\sources\common\awdiv.c estimated size: 151

C:\Program Files (x86)\Microchip\xc8\v1.34\sources\pic18\plib\XLCD\openxlcd.c
		_OpenXLCD      		CODE           	30B0	0000	183

C:\Program Files (x86)\Microchip\xc8\v1.34\sources\pic18\plib\XLCD\openxlcd.c estimated size: 183

C:\Program Files (x86)\Microchip\xc8\v1.34\sources\common\lldiv.c
		___lldiv       		CODE           	333C	0000	141

C:\Program Files (x86)\Microchip\xc8\v1.34\sources\common\lldiv.c estimated size: 141

C:\Program Files (x86)\Microchip\xc8\v1.34\sources\pic18\d10tcyx.c
		_Delay10TCYx   		CODE           	3990	0000	19

C:\Program Files (x86)\Microchip\xc8\v1.34\sources\pic18\d10tcyx.c estimated size: 19

C:\Program Files (x86)\Microchip\xc8\v1.34\sources\pic18\plib\XLCD\busyxlcd.c
		_BusyXLCD      		CODE           	377E	0000	61

C:\Program Files (x86)\Microchip\xc8\v1.34\sources\pic18\plib\XLCD\busyxlcd.c estimated size: 61

C:\Program Files (x86)\Microchip\xc8\v1.34\sources\common\doprnt.c
		_scale         		CODE           	1ED4	0000	993
		_sprintf       		CODE           	10E6	0000	3567
		_fround        		CODE           	261E	0000	581

C:\Program Files (x86)\Microchip\xc8\v1.34\sources\common\doprnt.c estimated size: 5141

C:\Program Files (x86)\Microchip\xc8\v1.34\sources\common\fttol.c
		___fttol       		CODE           	2E22	0000	231

C:\Program Files (x86)\Microchip\xc8\v1.34\sources\common\fttol.c estimated size: 231

main.c
		_LCD_Move      		CODE           	3910	0000	35
		_kbd_getc      		CODE           	2D38	0000	235
		_main          		CODE           	22B4	0000	875
		_DelayFor18TCY 		CODE           	39D8	0000	9
		_init_ADC      		CODE           	39A2	0000	17
		_LCD_Clear     		CODE           	396A	0000	21
		_DelayPORXLCD  		CODE           	39D0	0000	9
		_Delay_Seconds 		CODE           	37F2	0000	55
		_init_XLCD     		CODE           	3932	0000	33

main.c estimated size: 1289

C:\Program Files (x86)\Microchip\xc8\v1.34\sources\common\Umul16.c
		___wmul        		CODE           	385A	0000	41

C:\Program Files (x86)\Microchip\xc8\v1.34\sources\common\Umul16.c estimated size: 41

C:\Program Files (x86)\Microchip\xc8\v1.34\sources\common\ftadd.c
		___ftadd       		CODE           	2862	0000	453

C:\Program Files (x86)\Microchip\xc8\v1.34\sources\common\ftadd.c estimated size: 453

C:\Program Files (x86)\Microchip\xc8\v1.34\sources\pic18\plib\XLCD\wcmdxlcd.c
		_WriteCmdXLCD  		CODE           	373E	0000	65

C:\Program Files (x86)\Microchip\xc8\v1.34\sources\pic18\plib\XLCD\wcmdxlcd.c estimated size: 65

